// Jest Snapshot v1, https://goo.gl/fbAQLP

exports[`testing analytics should render component 1`] = `
<Carousel>
  <CarouselItem>
    <h3
      className="analytics-h3"
    >
      Your Contribution towards the Sustainability of our Planet
    </h3>
    <div>
      <Connect(EWaste) />
    </div>
  </CarouselItem>
  <CarouselItem>
    <h3>
      E-Waste Collectors in your City
    </h3>
    <div>
      <Connect(CollectorsCategories) />
    </div>
  </CarouselItem>
  <CarouselItem>
    <h3>
      E-Waste Drives in your City
    </h3>
    <div>
      <Connect(Drives) />
    </div>
  </CarouselItem>
</Carousel>
`;
