// Jest Snapshot v1, https://goo.gl/fbAQLP

exports[`test dropDown Component should render dropdown 1`] = `
<div>
  <select
    className="dropdown"
    onChange={[Function]}
  >
    <option>
      Select your Role
    </option>
    <option
      key="0"
      value="Customer"
    >
      Customer
    </option>
    <option
      key="1"
      value="Collector"
    >
      Collector
    </option>
    <option
      key="2"
      value="Vendor"
    >
      Vendor
    </option>
  </select>
</div>
`;
