// Jest Snapshot v1, https://goo.gl/fbAQLP

exports[`testing Collector Routes test collectorRoutes 1`] = `
<Routes>
  <Route
    element={<CollectorHome />}
    path="/CollectorHome"
  />
  <Route
    element={<Memo(Connect(CollectorNav)) />}
    path="/CollectorNav"
  />
  <Route
    element={<CollectorProfile />}
    path="/CollectorProfile"
  />
  <Route
    element={<OrganizeDrive />}
    path="/Drive/OrganizeDrive"
  />
  <Route
    element={<MyDrives />}
    path="/Drive/MyDrives"
  />
  <Route
    element={<CollectorRequests />}
    path="/Request/CollectorRequests"
  />
  <Route
    element={<RequestSummary />}
    path="/Request/MyRequests"
  />
  <Route
    element={<ItemsForSale />}
    path="/Sales/ItemsForSale"
  />
  <Route
    element={<AvailableSales />}
    path="/Sales/SummarySales"
  />
  <Route
    element={<SalesItems />}
    path="/Sales/SaleItems"
  />
  <Route
    element={<AuthProtected />}
    path="/"
  />
  <Route
    element={<PageNotFound />}
    exact={true}
    path="*"
  />
</Routes>
`;
