// Jest Snapshot v1, https://goo.gl/fbAQLP

exports[`test categoryCarousel 1`] = `
<Fragment>
  <Navbar
    bg="myblue"
    collapseOnSelect={true}
    expand="lg"
    fixed="top"
    variant="dark"
  >
    <Container
      fluid={true}
    >
      <NavLink
        className="navbarLink"
        href="/"
      >
        <div
          className="title"
        >
          <Styled(GiGreenPower) />
          EWaste Management
        </div>
      </NavLink>
      <NavbarToggle
        aria-controls="responsive-navbar-nav"
      />
      <NavbarCollapse
        id="responsive-navbar-nav"
      >
        <Nav
          className="ms-auto navbarNav"
        >
          <NavLink
            className="navLinkHref"
            href="/"
          >
            <Styled(ImHome) />
          </NavLink>
          <NavLink
            className="navLinkHref"
            href="/Signin"
          >
            <Styled(BsPerson) />
          </NavLink>
        </Nav>
      </NavbarCollapse>
    </Container>
  </Navbar>
</Fragment>
`;
