// Jest Snapshot v1, https://goo.gl/fbAQLP

exports[`View Collectors Request test ViewCollectors 1`] = `
<div>
  <div
    className="viewCollector"
  >
    <styled.h2>
      Collectors Available
    </styled.h2>
    <WithStyles(Component)
      actions={
        Array [
          Object {
            "icon": [Function],
            "onClick": [Function],
          },
        ]
      }
      columns={
        Array [
          Object {
            "cellStyle": Object {
              "fontSize": "15px",
              "textAlign": "center",
            },
            "editable": "never",
            "field": "firstName",
            "headerStyle": Object {
              "fontSize": "15px",
              "textAlign": "center",
            },
            "title": "Name",
          },
          Object {
            "cellStyle": Object {
              "fontSize": "15px",
              "textAlign": "center",
            },
            "editable": "never",
            "field": "address1",
            "headerStyle": Object {
              "fontSize": "15px",
              "textAlign": "center",
            },
            "title": "Address",
          },
          Object {
            "cellStyle": Object {
              "fontSize": "15px",
            },
            "editable": "never",
            "field": "pinCode",
            "headerStyle": Object {
              "fontSize": "15px",
            },
            "title": "Pincode",
          },
          Object {
            "cellStyle": Object {
              "fontSize": "15px",
            },
            "editable": "never",
            "field": "shopTime",
            "headerStyle": Object {
              "fontSize": "15px",
            },
            "title": "Time",
          },
        ]
      }
      options={
        Object {
          "actionsColumnIndex": -1,
        }
      }
      title=""
    />
  </div>
</div>
`;
