// Jest Snapshot v1, https://goo.gl/fbAQLP

exports[`test notificationCount 1`] = `
<div
  className="home"
>
  <div
    className="lg_container"
  >
    <div
      className="home-heading"
    >
      <CategoryCarousel />
    </div>
  </div>
  <h3
    className="customerHome-h3"
  >
    Your contribution as an Eco-ranger:
  </h3>
  <div
    className="dashboard"
  >
    <h3
      className="customerHome-h3-1"
    >
      Your Contribution towards the Sustainability of our Planet
    </h3>
    <Connect(EWaste) />
  </div>
  <div
    className="dashboard"
  >
    <h3
      className="customerHome-h3-2"
    >
      E-Waste Collectors in your City
    </h3>
    <Connect(CollectorsCategories) />
  </div>
  <div
    className="customerHome-div"
  >
    <h3
      className="customerHome-h3-3"
    >
      E-Waste Drives in your City
    </h3>
    <Connect(Drives) />
  </div>
</div>
`;
