// Jest Snapshot v1, https://goo.gl/fbAQLP

exports[`testing Vendor Routes test vendorRoutes 1`] = `
<Routes>
  <Route
    element={<VendorHome />}
    exact={true}
    path="/VendorHome"
  />
  <Route
    element={<Memo(Connect(VendorNav)) />}
    exact={true}
    path="/VendorNav"
  />
  <Route
    element={<Memo(Connect(VendorProfile)) />}
    exact={true}
    path="/VendorProfile"
  />
  <Route
    element={<Memo(Connect(Sales)) />}
    exact={true}
    path="/MyOrders/PurchaseItems"
  />
  <Route
    element={<Memo(Connect(MyOrders)) />}
    exact={true}
    path="/MyOrders/SalesSummary"
  />
  <Route
    element={<AuthProtected />}
    path="/"
  />
  <Route
    element={<PageNotFound />}
    exact={true}
    path="*"
  />
</Routes>
`;
