// Jest Snapshot v1, https://goo.gl/fbAQLP

exports[`App test App 1`] = `
<Provider
  store={
    Object {
      "@@observable": [Function],
      "asyncReducers": Object {},
      "dispatch": [Function],
      "getState": [Function],
      "replaceReducer": [Function],
      "subscribe": [Function],
    }
  }
>
  <Routes />
</Provider>
`;
