// Jest Snapshot v1, https://goo.gl/fbAQLP

exports[`test notificationCount 1`] = `
<div
  className="home"
>
  <div
    className="lg_container"
  >
    <div
      className="home-carousel"
    >
      <CategoryCarousel />
    </div>
  </div>
  <h3
    className="home-h3"
  >
    Your contribution as an Eco-ranger:
  </h3>
  <div
    className="dashboard"
  >
    <h3
      className="home-h3-1"
    >
      Your contribution towards the Collection and Reusability of E-Waste Items
    </h3>
    <Connect(EWasteOrg) />
    <h3
      className="home-h3-2"
    >
      Revenue Generated With Respect to Category
    </h3>
    <Connect(Revenue) />
  </div>
  <div
    className="dashboard"
  >
    <h3
      className="home-h3-1"
    >
      E-Waste drives in your City
    </h3>
    <Connect(EWasteDrives) />
  </div>
  <div
    className="row home-div"
  >
    <div
      className="col-lg-6"
    >
      <h3
        className="home-h3-1"
      >
        E-Waste Generators in your City
      </h3>
      <Connect(CustomerData) />
    </div>
    <div
      className="col-lg-6"
    >
      <h3
        className="home-h3-1"
      >
        E-Waste Recylers in your City
      </h3>
      <Connect(VendorData) />
    </div>
  </div>
</div>
`;
